2026-08-03T17:20:19	generation_started	/Users/zmir0004/Desktop/FIT2109/working_dir/fit2109-public/my_folder/student_report_system/data/students.csv
2026-08-03T17:20:19	data_loaded	rows=12; valid=12; issues=0
2026-08-03T17:20:19	report_built	Changed-Student Performance Report: 12 students, average 68.0, pass rate 75.0%
2026-08-03T17:20:19	report_formatted	characters=11203
2026-08-03T17:20:19	report_saved	/Users/zmir0004/Desktop/FIT2109/working_dir/fit2109-public/my_folder/student_report_system/data/class_report.txt
2026-08-03T17:20:19	generation_completed	students=12; output=/Users/zmir0004/Desktop/FIT2109/working_dir/fit2109-public/my_folder/student_report_system/data/class_report.txt
2026-08-03T17:29:00	generation_started	/Users/zmir0004/Desktop/FIT2109/working_dir/fit2109-public/my_folder/student_report_system/data/students.csv
2026-08-03T17:29:00	data_loaded	rows=12; valid=12; issues=0
2026-08-03T17:29:00	report_built	Changed-Student Performance Report: 12 students, average 68.0, pass rate 75.0%
2026-08-03T17:29:00	report_formatted	characters=11203
2026-08-03T17:29:00	report_saved	/Users/zmir0004/Desktop/FIT2109/working_dir/fit2109-public/my_folder/student_report_system/data/class_report.txt
2026-08-03T17:29:00	generation_completed	students=12; output=/Users/zmir0004/Desktop/FIT2109/working_dir/fit2109-public/my_folder/student_report_system/data/class_report.txt
2026-08-03T18:30:42	generation_started	/Users/zmir0004/Desktop/FIT2109/working_dir/fit2109-public/my_folder/student_report_system/data/students.csv
2026-08-03T18:30:42	data_loaded	rows=12; valid=12; issues=0
2026-08-03T18:30:42	report_built	Student Performance Report: 12 students, average 68.0, pass rate 75.0%
2026-08-03T18:30:42	report_formatted	characters=11195
2026-08-03T18:30:42	report_saved	/Users/zmir0004/Desktop/FIT2109/working_dir/fit2109-public/my_folder/student_report_system/data/class_report.txt
2026-08-03T18:30:42	generation_completed	students=12; output=/Users/zmir0004/Desktop/FIT2109/working_dir/fit2109-public/my_folder/student_report_system/data/class_report.txt
2026-08-03T18:33:51	generation_started	/Users/zmir0004/Desktop/FIT2109/working_dir/fit2109-public/my_folder/student_report_system/data/students.csv
2026-08-03T18:33:51	data_loaded	rows=12; valid=12; issues=0
2026-08-03T18:33:51	report_built	Student Performance Report: 12 students, average 68.0, pass rate 75.0%
2026-08-03T18:33:51	report_formatted	characters=11216
2026-08-03T18:33:51	report_saved	/Users/zmir0004/Desktop/FIT2109/working_dir/fit2109-public/my_folder/student_report_system/data/class_report.txt
2026-08-03T18:33:51	generation_completed	students=12; output=/Users/zmir0004/Desktop/FIT2109/working_dir/fit2109-public/my_folder/student_report_system/data/class_report.txt
